[36m#0 building with "default" instance using docker driver[0m

[36m#1 [internal] load build definition from Dockerfile[0m
#1 transferring dockerfile: 1.24kB done
#1 DONE 0.0s

[36m#2 [internal] load .dockerignore[0m
#2 transferring context: 127B done
#2 DONE 0.0s

[36m#3 [internal] load metadata for docker.io/library/node:20-alpine[0m
#3 DONE 1.8s

[36m#4 [base 1/5] FROM docker.io/library/node:20-alpine@sha256:b6b2b78e761a5[0m
#4 DONE 0.0s

[36m#5 [base 2/5] RUN apk add --no-cache python3 make g++ git[0m
#5 2.432 fetch https://dl-cdn.alpinelinux.org/alpine/v3.19/main/x86_64/APKINDEX.tar.gz
#5 3.991 fetch https://dl-cdn.alpinelinux.org/alpine/v3.19/community/x86_64/APKINDEX.tar.gz
#5 5.122 (1/15) Installing libgcc (13.2.1_git20231014-r0)
#5 5.281 (2/15) Installing libstdc++ (13.2.1_git20231014-r0)
#5 5.411 (3/15) Installing binutils (2.41-r0)
#5 6.782 (15/15) Installing g++ (13.2.1_git20231014-r0)
#5 7.001 Executing busybox-1.36.1-r5.trigger
#5 DONE 7.3s

[36m#6 [base 3/5] WORKDIR /app[0m
#6 DONE 0.1s

[36m#7 [base 4/5] COPY package*.json ./[0m
[31m#7 ERROR: failed to calculate checksum of ref b1a9f2c1...: "/package.json": not found[0m
------
 > [base 4/5] COPY package*.json ./:
------
[31mDockerfile:14[0m
[31m--------------------[0m
  12 |     WORKDIR /app
  13 |
[31m  14 | >>> COPY package*.json ./ [0m
  15 |     RUN npm ci --only=production
  16 |
[31m--------------------[0m
[31mERROR: failed to solve: failed to read dockerfile: failed to calculate checksum[0m
[31mof ref b1a9f2c1d3e7f9a0b2c4d6e8f0a1b3c5:/package.json: not found[0m

Retrying build after 5 seconds...

[36m#8 [base 5/5] RUN npm ci --only=production[0m
#8 0.421 npm warn config only Use `--omit=dev` instead.
#8 1.832 npm warn deprecated inflight@1.0.6: This module is not supported
#8 3.114 npm warn deprecated glob@7.2.3: Glob versions prior to v9 are no longer supported
#8 18.332 npm error code ENOTFOUND
#8 18.332 npm error errno ENOTFOUND
[31m#8 18.332 npm error network request to https://registry.npmjs.org/lodash failed, reason: getaddrinfo ENOTFOUND registry.npmjs.org[0m
#8 18.332 npm error network This is a problem related to network connectivity.
[31m#8 ERROR: process "/bin/sh -c npm ci --only=production" did not complete successfully: exit code: 1[0m
------
 > [base 5/5] RUN npm ci --only=production:
#8 18.332 npm error network request to https://registry.npmjs.org/lodash failed
------
[31mDockerfile:15[0m
[31m--------------------[0m
  13 |
  14 |     COPY package*.json ./
[31m  15 | >>> RUN npm ci --only=production[0m
  16 |
  17 |     COPY . .
[31m--------------------[0m
[31mERROR: failed to solve: process "/bin/sh -c npm ci --only=production" did not complete successfully: exit code: 1[0m

[31m##[error][0mProcess completed with exit code 1.
error: docker build failed
