> notification-service@3.1.0 start
> node dist/server.js

[36m[server][0m Initializing notification service...
[36m[server][0m Loading configuration from environment...
[36m[server][0m Connecting to message broker...
[36m[server][0m Registering event handlers...
[36m[server][0m Starting HTTP listener on port 8080...
[32m[server][0m Configuration loaded successfully
[32m[server][0m Message broker connected
[36m[server][0m Processing startup health checks...
[36m[server][0m Checking SMTP configuration...

[31mError: Missing required environment variable: SMTP_HOST[0m
    at validateConfig (/app/dist/config/validate.js:42:11)
    at Object.<anonymous> (/app/dist/server.js:18:1)
    at Module._compile (node:internal/modules/cjs/loader:1364:14)
    at Object.Module._extensions..js (node:internal/modules/cjs/loader:1422:10)
    at Module.load (node:internal/modules/cjs/loader:1203:32)
    at Function.Module._load (node:internal/modules/cjs/loader:1019:12)

[31mFATAL: Server failed to start due to missing configuration[0m
[31mRequired variables not set:[0m
[31m  - SMTP_HOST (required for email delivery)[0m
[31m  - SMTP_PASSWORD (required for email delivery)[0m
[31m  - DATABASE_URL (required for persistence layer)[0m

[33mHint: Copy .env.example to .env and fill in the required values.[0m
[33mSee docs/configuration.md for detailed setup instructions.[0m

Retrying startup in 5 seconds (attempt 1/3)...

[36m[server][0m Retrying configuration validation...
[31mError: process.env.DATABASE_URL is undefined[0m
    at new DatabaseConnection (/app/dist/db/connection.js:23:19)
    at initializeDatabase (/app/dist/db/index.js:8:18)
    at startup (/app/dist/server.js:31:5)

TypeError: Cannot read properties of undefined (reading 'split')
    at parseConnectionString (/app/dist/db/connection.js:47:28)
    at new DatabaseConnection (/app/dist/db/connection.js:29:14)
    at initializeDatabase (/app/dist/db/index.js:8:18)
    at startup (/app/dist/server.js:31:5)
    at processTicksAndRejections (node:internal/process/task_queues:95:5)

Retrying startup in 10 seconds (attempt 2/3)...

[36m[server][0m Retrying configuration validation...
[31mUnhandledPromiseRejectionWarning: Error: connect ECONNREFUSED 127.0.0.1:5432[0m
[31m    at TCPConnectWrap.afterConnect [as oncomplete] (net.js:1148:16)[0m
[31mUnhandledPromiseRejectionWarning: Unhandled promise rejection. This error originated[0m
[31meither by throwing inside of an async function without a catch block,[0m
[31mor by rejecting a promise which was not handled with .catch().[0m

[31mFATAL: Max retries exceeded. Exiting.[0m
[31mProcess exited with code 1[0m

[31m##[error][0mProcess completed with exit code 1.
[31m##[error][0mJob 'deploy-notification-service' failed
